Building...
info: Microsoft.Hosting.Lifetime[14]
      Now listening on: http://localhost:5285
info: Microsoft.Hosting.Lifetime[0]
      Application started. Press Ctrl+C to shut down.
info: Microsoft.Hosting.Lifetime[0]
      Hosting environment: Development
info: Microsoft.Hosting.Lifetime[0]
      Content root path: D:\IA_OCENSA\backend_ocensa\backend\DashboardApi
warn: Microsoft.AspNetCore.HttpsPolicy.HttpsRedirectionMiddleware[3]
      Failed to determine the https port for redirect.
info: Microsoft.EntityFrameworkCore.Database.Command[20101]
      Executed DbCommand (48ms) [Parameters=[@__releaseIdentity_0='?' (Size = 64) (DbType = AnsiString)], CommandType='Text', CommandTimeout='180']
      SELECT TOP(2) [d].[Id], [d].[ApprovedAtUtc], [d].[ApprovedBy], [d].[BlockedReasonsJson], [d].[ClassifierVersion], [d].[CreatedAtUtc], [d].[ImportBatchId], [d].[IsPublished], [d].[ReleaseIdentity], [d].[Revision], [d].[SchemaVersion], [d].[State], [i].[Id], [i].[BatchIdentity], [i].[BlockedReasonsJson], [i].[ClassifierVersion], [i].[CreatedAtUtc], [i].[FileSha256], [i].[FileSizeBytes], [i].[InspectedAtUtc], [i].[InspectedCellCount], [i].[OriginalFileName], [i].[Revision], [i].[SchemaVersion], [i].[SheetCount], [i].[State], [i].[WarningsJson]
      FROM [DatasetReleases] AS [d]
      INNER JOIN [ImportBatches] AS [i] ON [d].[ImportBatchId] = [i].[Id]
      WHERE [d].[ReleaseIdentity] = @__releaseIdentity_0
info: Microsoft.EntityFrameworkCore.Database.Command[20101]
      Executed DbCommand (3ms) [Parameters=[@__stored_Batch_Id_0='?' (DbType = Int64)], CommandType='Text', CommandTimeout='180']
      SELECT COUNT(*)
      FROM [WorkbookSheets] AS [w]
      WHERE [w].[ImportBatchId] = @__stored_Batch_Id_0
info: Microsoft.EntityFrameworkCore.Database.Command[20101]
      Executed DbCommand (41ms) [Parameters=[@__stored_Batch_Id_0='?' (DbType = Int64)], CommandType='Text', CommandTimeout='180']
      SELECT COUNT_BIG(*)
      FROM [RawCells] AS [r]
      INNER JOIN [WorkbookSheets] AS [w] ON [r].[WorkbookSheetId] = [w].[Id]
      WHERE [w].[ImportBatchId] = @__stored_Batch_Id_0
info: Microsoft.EntityFrameworkCore.Database.Command[20101]
      Executed DbCommand (2ms) [Parameters=[@__releaseId_0='?' (Size = 64) (DbType = AnsiString)], CommandType='Text', CommandTimeout='180']
      SELECT TOP(2) [d].[ImportBatchId], [i].[BatchIdentity], [d].[ReleaseIdentity], [d].[SchemaVersion], [d].[ClassifierVersion], [d].[State], [d].[IsPublished], [d].[ApprovedBy], [d].[ApprovedAtUtc]
      FROM [DatasetReleases] AS [d]
      INNER JOIN [ImportBatches] AS [i] ON [d].[ImportBatchId] = [i].[Id]
      WHERE [d].[ReleaseIdentity] = @__releaseId_0
info: Microsoft.EntityFrameworkCore.Database.Command[20101]
      Executed DbCommand (1ms) [Parameters=[@__importBatchId_0='?' (DbType = Int64)], CommandType='Text', CommandTimeout='180']
      SELECT [w].[Id], [w].[SheetName], [w].[DataRowCount]
      FROM [WorkbookSheets] AS [w]
      WHERE [w].[ImportBatchId] = @__importBatchId_0
      ORDER BY [w].[Id]
info: Microsoft.EntityFrameworkCore.Database.Command[20101]
      Executed DbCommand (2ms) [Parameters=[@__8__locals1_sheet_Id_0='?' (DbType = Int64)], CommandType='Text', CommandTimeout='180']
      SELECT MIN([r].[SourceRowNumber])
      FROM [RawCells] AS [r]
      WHERE [r].[WorkbookSheetId] = @__8__locals1_sheet_Id_0
info: Microsoft.EntityFrameworkCore.Database.Command[20101]
      Executed DbCommand (3ms) [Parameters=[@__8__locals1_sheet_Id_0='?' (DbType = Int64), @__headerRow_Value_1='?' (DbType = Int32)], CommandType='Text', CommandTimeout='180']
      SELECT [r].[Id], [r].[CellDataType], [r].[DateValue], [r].[FormulaA1], [r].[HeaderSha256], [r].[HeaderText], [r].[LineageSha256], [r].[NumericValue], [r].[NumericValueExact], [r].[ParseRuleId], [r].[Qualifier], [r].[RawText], [r].[Sequence], [r].[SourceCell], [r].[SourceColumnNumber], [r].[SourceRowNumber], [r].[Status], [r].[Unit], [r].[Warning], [r].[WorkbookSheetId]
      FROM [RawCells] AS [r]
      WHERE [r].[WorkbookSheetId] = @__8__locals1_sheet_Id_0 AND [r].[SourceRowNumber] = @__headerRow_Value_1
      ORDER BY [r].[SourceColumnNumber]
info: Microsoft.EntityFrameworkCore.Database.Command[20101]
      Executed DbCommand (1ms) [Parameters=[@__8__locals1_sheet_Id_0='?' (DbType = Int64)], CommandType='Text', CommandTimeout='180']
      SELECT MIN([r].[SourceRowNumber])
      FROM [RawCells] AS [r]
      WHERE [r].[WorkbookSheetId] = @__8__locals1_sheet_Id_0
info: Microsoft.EntityFrameworkCore.Database.Command[20101]
      Executed DbCommand (1ms) [Parameters=[@__8__locals1_sheet_Id_0='?' (DbType = Int64), @__headerRow_Value_1='?' (DbType = Int32)], CommandType='Text', CommandTimeout='180']
      SELECT [r].[Id], [r].[CellDataType], [r].[DateValue], [r].[FormulaA1], [r].[HeaderSha256], [r].[HeaderText], [r].[LineageSha256], [r].[NumericValue], [r].[NumericValueExact], [r].[ParseRuleId], [r].[Qualifier], [r].[RawText], [r].[Sequence], [r].[SourceCell], [r].[SourceColumnNumber], [r].[SourceRowNumber], [r].[Status], [r].[Unit], [r].[Warning], [r].[WorkbookSheetId]
      FROM [RawCells] AS [r]
      WHERE [r].[WorkbookSheetId] = @__8__locals1_sheet_Id_0 AND [r].[SourceRowNumber] = @__headerRow_Value_1
      ORDER BY [r].[SourceColumnNumber]
info: Microsoft.EntityFrameworkCore.Database.Command[20101]
      Executed DbCommand (2ms) [Parameters=[@__selected_Id_0='?' (DbType = Int64), @__selected_HeaderRowNumber_1='?' (DbType = Int32)], CommandType='Text', CommandTimeout='180']
      SELECT [r].[Id], [r].[CellDataType], [r].[DateValue], [r].[FormulaA1], [r].[HeaderSha256], [r].[HeaderText], [r].[LineageSha256], [r].[NumericValue], [r].[NumericValueExact], [r].[ParseRuleId], [r].[Qualifier], [r].[RawText], [r].[Sequence], [r].[SourceCell], [r].[SourceColumnNumber], [r].[SourceRowNumber], [r].[Status], [r].[Unit], [r].[Warning], [r].[WorkbookSheetId]
      FROM [RawCells] AS [r]
      WHERE [r].[WorkbookSheetId] = @__selected_Id_0 AND [r].[SourceRowNumber] = @__selected_HeaderRowNumber_1
      ORDER BY [r].[SourceColumnNumber]
info: Microsoft.EntityFrameworkCore.Database.Command[20101]
      Executed DbCommand (41ms) [Parameters=[@__selected_Id_0='?' (DbType = Int64), @__selected_HeaderRowNumber_1='?' (DbType = Int32)], CommandType='Text', CommandTimeout='180']
      SELECT [r].[SourceColumnNumber] AS [Column], COUNT(*) AS [Count]
      FROM [RawCells] AS [r]
      WHERE [r].[WorkbookSheetId] = @__selected_Id_0 AND [r].[SourceRowNumber] > @__selected_HeaderRowNumber_1 AND [r].[SourceColumnNumber] IN (1, 4, 17, 18, 19, 20, 45)
      GROUP BY [r].[SourceColumnNumber]
info: Microsoft.EntityFrameworkCore.Database.Command[20101]
      Executed DbCommand (184ms) [Parameters=[@__sheet_Id_0='?' (DbType = Int64), @__sheet_HeaderRowNumber_1='?' (DbType = Int32)], CommandType='Text', CommandTimeout='180']
      SELECT [r].[Id], [r].[CellDataType], [r].[DateValue], [r].[FormulaA1], [r].[HeaderSha256], [r].[HeaderText], [r].[LineageSha256], [r].[NumericValue], [r].[NumericValueExact], [r].[ParseRuleId], [r].[Qualifier], [r].[RawText], [r].[Sequence], [r].[SourceCell], [r].[SourceColumnNumber], [r].[SourceRowNumber], [r].[Status], [r].[Unit], [r].[Warning], [r].[WorkbookSheetId]
      FROM [RawCells] AS [r]
      WHERE [r].[WorkbookSheetId] = @__sheet_Id_0 AND [r].[SourceRowNumber] > @__sheet_HeaderRowNumber_1 AND [r].[SourceColumnNumber] = 4 AND EXISTS (
          SELECT 1
          FROM [RawCells] AS [r0]
          WHERE [r0].[WorkbookSheetId] = @__sheet_Id_0 AND [r0].[SourceRowNumber] = [r].[SourceRowNumber] AND [r0].[SourceColumnNumber] IN (17, 18, 19, 20) AND [r0].[Status] <> 'Missing')
      ORDER BY [r].[SourceRowNumber]
info: Microsoft.EntityFrameworkCore.Database.Command[20101]
      Executed DbCommand (92ms) [Parameters=[@__sheet_Id_0='?' (DbType = Int64)], CommandType='Text', CommandTimeout='180']
      SELECT [r].[Id], [r].[CellDataType], [r].[DateValue], [r].[FormulaA1], [r].[HeaderSha256], [r].[HeaderText], [r].[LineageSha256], [r].[NumericValue], [r].[NumericValueExact], [r].[ParseRuleId], [r].[Qualifier], [r].[RawText], [r].[Sequence], [r].[SourceCell], [r].[SourceColumnNumber], [r].[SourceRowNumber], [r].[Status], [r].[Unit], [r].[Warning], [r].[WorkbookSheetId]
      FROM [RawCells] AS [r]
      WHERE [r].[WorkbookSheetId] = @__sheet_Id_0 AND [r].[SourceRowNumber] IN (2, 3, 4, 5, 6, 7, 8, 9, 10, 11, 12, 13, 14, 15, 16, 17, 18, 19, 20, 21, 22, 23, 24, 25, 26, 27, 28, 29, 30, 31, 32, 33, 34, 35, 36, 37, 38, 39, 40, 41, 42, 43, 44, 45, 46, 47, 48, 49, 50, 51, 52, 53, 54, 55, 56, 57, 58, 59, 60, 61, 62, 63, 64, 65, 66, 67, 68, 69, 70, 71, 72, 73, 74, 75, 76, 77, 78, 79, 80, 154, 156, 159, 169, 170, 173, 174, 181, 183, 185, 187, 193, 200, 206, 211, 213, 226, 227, 229, 230, 231, 232, 233, 234, 237, 238, 239, 240, 241, 242, 244, 245, 247, 248, 250, 251, 252, 253, 254, 255, 256, 258, 259, 260, 261, 262, 263, 264, 267, 268, 269, 270, 271, 273, 274, 275, 276, 277, 278, 279, 281, 282, 283, 284, 285, 286, 287, 288, 290, 291, 292, 293, 294, 295, 296, 298, 299, 300, 301, 302, 304, 305, 306, 307, 308, 310, 311, 312, 313, 318, 319, 322, 324, 331, 337, 338, 342, 344, 355, 357, 362, 372, 374, 384, 386, 399, 401, 407, 408, 410, 415, 417, 429, 431, 432, 434, 436, 442, 443, 457, 458, 460, 462, 483, 485, 486, 487, 488, 489, 490, 491, 492, 493, 494, 495, 496, 497, 498, 499, 500, 501, 503, 504, 505, 506, 508, 509, 510, 511, 512, 513, 514, 515, 517, 518, 519, 520, 521, 522, 523, 525, 526, 527, 528, 529, 530, 532, 533, 534, 535, 536, 538, 539, 540, 541, 542, 543, 544, 545, 547, 548, 549, 550, 551, 552, 558, 565, 567, 573, 579, 581, 583, 585, 596, 598, 604, 611, 612, 615, 627, 629, 634, 642, 643, 651, 652, 658, 660, 661, 662, 663, 664, 669, 671, 680, 681, 682, 683, 684, 691, 693, 700, 701, 702, 703, 705, 706, 707, 708, 709, 711, 712, 713, 714, 715, 716, 717, 718, 719, 721, 722, 723, 724, 726, 727, 728, 729, 730, 731, 733, 734, 736, 737, 738, 739, 740, 742, 743, 744, 745, 746, 747, 749, 750, 751, 752, 753, 755, 756, 757, 758, 763, 765, 770, 772, 775, 776, 784, 786, 789, 794, 796, 808, 809, 815, 817, 825, 827, 839, 840, 847, 848, 856, 858, 863, 867, 869, 872, 873, 885, 890, 892, 894, 895, 901, 903, 912, 914, 918, 919, 920, 921, 922, 923, 926, 927, 928, 929, 930, 931, 934, 935, 936, 937, 945, 946, 947, 948, 950, 951, 952, 953, 954, 955, 956, 958, 959, 961, 962, 967, 968, 971, 972, 975, 976, 977, 978, 985, 986, 987, 988, 997, 998, 1010, 1011, 1013, 1014, 1019, 1020, 1022, 1023, 1030, 1031, 1042, 1043, 1045, 1046, 1053, 1054, 1055, 1056, 1060, 1062, 1068, 1069, 1073, 1080, 1082, 1087, 1089, 1094, 1100, 1102, 1108, 1110, 1116, 1118, 1130, 1139, 1144, 1145, 1146, 1147, 1148, 1149, 1151, 1152, 1153, 1154, 1155, 1156, 1158, 1159, 1160, 1161, 1162, 1165, 1166, 1167, 1169, 1170, 1171, 1172, 1174, 1177, 1178, 1179, 1180, 1181, 1182, 1183, 1185, 1186, 1188, 1189, 1190, 1191, 1192, 1193, 1194, 1195, 1197, 1198, 1199, 1200, 1201, 1203, 1204, 1205, 1206, 1207, 1208, 1212, 1213, 1214, 1215, 1221, 1222, 1223, 1224, 1234, 1239, 1240, 1241, 1242, 1249, 1250, 1252, 1253, 1259, 1260, 1261, 1262, 1270, 1275, 1276, 1277, 1278, 1284, 1294, 1295, 1297, 1301, 1310, 1311, 1313, 1321, 1322, 1325, 1326, 1332, 1333, 1339, 1340, 1343, 1351, 1352, 1356, 1358, 1364, 1366, 1371, 1373, 1381, 1383, 1384, 1388, 1390, 1403, 1404, 1409, 1411, 1412, 1413, 1414, 1415, 1416, 1418, 1419, 1421, 1425, 1427, 1428, 1430, 1431, 1432, 1433, 1434, 1435, 1436, 1438, 1439, 1440, 1441, 1442, 1443, 1444, 1445, 1447, 1448, 1449, 1450, 1451, 1453, 1454, 1455, 1456, 1457, 1458, 1459, 1461, 1462, 1463, 1464, 1465, 1466, 1467, 1469, 1470, 1471, 1472, 1473, 1474, 1475, 1476, 1477, 1483, 1484, 1486, 1487, 1492, 1493, 1495, 1496, 1501, 1502, 1509, 1510, 1512, 1513, 1515, 1516, 1524, 1528, 1535, 1544, 1545, 1547, 1559, 1560, 1562, 1568, 1569, 1571, 1578, 1579, 1583, 1585, 1589, 1593, 1598, 1604, 1605, 1615, 1619, 1621, 1628, 1635, 1636, 1638, 1639, 1649, 1653, 1665, 1668, 1669, 1670, 1671, 1672, 1673, 1675, 1676, 1677, 1678, 1680, 1681, 1683, 1684, 1685, 1686, 1687, 1688, 1689, 1691, 1692, 1693, 1694, 1695, 1696, 1698, 1699, 1700, 1701, 1702, 1703, 1704, 1705, 1707, 1708, 1709, 1710, 1711, 1713, 1714, 1715, 1716, 1717, 1718, 1719, 1721, 1722, 1723, 1724, 1725, 1726, 1728, 1729, 1730, 1734, 1735, 1740, 1741, 1743, 1744, 1748, 1749, 1751, 1752, 1754, 1755, 1761, 1762, 1766, 1767, 1769, 1770, 1773, 1775, 1779, 1786, 1787, 1788, 1789, 1791, 1792, 1793, 1794, 1795, 1796, 1797, 1800, 1801, 1803, 1804, 1811, 1812, 1818, 1819, 1827, 1828, 1831, 1832, 1834, 1835, 1836, 1837, 1838, 1839, 1840, 1841, 1842, 1843, 1846, 1847, 1849, 1850, 1852, 1853, 1854, 1855, 1856, 1857, 1859, 1860, 1861, 1862, 1863, 1864, 1866, 1867, 1868, 1869, 1870, 1872, 1873, 1874, 1875, 1876, 1877, 1878, 1879, 1881, 1882, 1883, 1884, 1885, 1886, 1887, 1888, 1890, 1891, 1892, 1893, 1894, 1896, 1897, 1898, 1899, 1900, 1902, 1903, 1904, 1905, 1907, 1908, 1910, 1911, 1912, 1913, 1917, 1918, 1919, 1920, 1925, 1926, 1927, 1928, 1936, 1937, 1942, 1943, 1944, 1945, 1960, 1961, 1962, 1963, 1970, 1971, 1975, 1976, 1983, 1984, 1986, 1989, 1990, 1999, 2000, 2002, 2012, 2018, 2020, 2021, 2027, 2032, 2033, 2037, 2043, 2044, 2046, 2052, 2057, 2061, 2067, 2068, 2070, 2074, 2081, 2083, 2084, 2085, 2086, 2087, 2088, 2090, 2091, 2092, 2093, 2094, 2095, 2096, 2100, 2101, 2102, 2103, 2105, 2106, 2107, 2108, 2109, 2110, 2111, 2113, 2114, 2115, 2116, 2117, 2118, 2119, 2120, 2121, 2123, 2124, 2125, 2126, 2127, 2129, 2130, 2131, 2132, 2133, 2134, 2135, 2137, 2138, 2139, 2140, 2141, 2144, 2145, 2146, 2147, 2148, 2149, 2151, 2152, 2153, 2154, 2155, 2156, 2158, 2159, 2160, 2161, 2162, 2163, 2165, 2166, 2167, 2168, 2169, 2170, 2174, 2182, 2183, 2187, 2189, 2192, 2195, 2206, 2208, 2217, 2219, 2226, 2227, 2238, 2240, 2248, 2250, 2263, 2264, 2265, 2266, 2267, 2268, 2272, 2273, 2274, 2275, 2276, 2277, 2278, 2279, 2281, 2282, 2283, 2284, 2285, 2288, 2289, 2290, 2291, 2292, 2293, 2296, 2297, 2298, 2301, 2302, 2303, 2304, 2305, 2306, 2307, 2318, 2320, 2321, 2322, 2323, 2324, 2325, 2326, 2327, 2328, 2329, 2330, 2331, 2332, 2333, 2334, 2335, 2336, 2337, 2338, 2339, 2340, 2341, 2342, 2344, 2345, 2346, 2347, 2348, 2349, 2358, 2360, 2362, 2363, 2368, 2370, 2376, 2385, 2389, 2391, 2393, 2394, 2401, 2402, 2409, 2417, 2420, 2422, 2432, 2438, 2440, 2447, 2448, 2453, 2455, 2462, 2464, 2467, 2469, 2479, 2481, 2484, 2486, 2492, 2493, 2498, 2500, 2511, 2512, 2517, 2519, 2524, 2526, 2538, 2539, 2540, 2541, 2542, 2543, 2546, 2547, 2550, 2551, 2553, 2554, 2555, 2556, 2559, 2560, 2561, 2562, 2563, 2564, 2566, 2567, 2568, 2569, 2570, 2572, 2573, 2574, 2575, 2576, 2577, 2578, 2580, 2581, 2582, 2583, 2584, 2585, 2586, 2588, 2589, 2590, 2591, 2592, 2593, 2595, 2597, 2598, 2599, 2600, 2601, 2608, 2609, 2614, 2621, 2622, 2629, 2630, 2644, 2645, 2647, 2648, 2662, 2665, 2668, 2676, 2692, 2693, 2700, 2701, 2705, 2711, 2712, 2721, 2722, 2725, 2731, 2733, 2736, 2737, 2744, 2752, 2761, 2762, 2766, 2767, 2781, 2783, 2786, 2787, 2788, 2789, 2790, 2791, 2792, 2797, 2798, 2799, 2800, 2802, 2803, 2804, 2805, 2808, 2809, 2810, 2811, 2812, 2814, 2815, 2816, 2817, 2818, 2819, 2821, 2822, 2823, 2824, 2826, 2827, 2828, 2829, 2830, 2831, 2832, 2834, 2835, 2836, 2837, 2838, 2839, 2840, 2841, 2842, 2843, 2845, 2846, 2847, 2848, 2849, 2850, 2851) AND [r].[SourceColumnNumber] IN (1, 4)
      ORDER BY [r].[SourceRowNumber], [r].[SourceColumnNumber]
info: Microsoft.EntityFrameworkCore.Database.Command[20101]
      Executed DbCommand (0ms) [Parameters=[@__releaseId_0='?' (Size = 64) (DbType = AnsiString)], CommandType='Text', CommandTimeout='180']
      SELECT TOP(2) [d].[ImportBatchId], [i].[BatchIdentity], [d].[ReleaseIdentity], [d].[SchemaVersion], [d].[ClassifierVersion], [d].[State], [d].[IsPublished], [d].[ApprovedBy], [d].[ApprovedAtUtc]
      FROM [DatasetReleases] AS [d]
      INNER JOIN [ImportBatches] AS [i] ON [d].[ImportBatchId] = [i].[Id]
      WHERE [d].[ReleaseIdentity] = @__releaseId_0
info: Microsoft.EntityFrameworkCore.Database.Command[20101]
      Executed DbCommand (0ms) [Parameters=[@__importBatchId_0='?' (DbType = Int64)], CommandType='Text', CommandTimeout='180']
      SELECT [w].[Id], [w].[SheetName], [w].[DataRowCount]
      FROM [WorkbookSheets] AS [w]
      WHERE [w].[ImportBatchId] = @__importBatchId_0
      ORDER BY [w].[Id]
info: Microsoft.EntityFrameworkCore.Database.Command[20101]
      Executed DbCommand (0ms) [Parameters=[@__8__locals1_sheet_Id_0='?' (DbType = Int64)], CommandType='Text', CommandTimeout='180']
      SELECT MIN([r].[SourceRowNumber])
      FROM [RawCells] AS [r]
      WHERE [r].[WorkbookSheetId] = @__8__locals1_sheet_Id_0
info: Microsoft.EntityFrameworkCore.Database.Command[20101]
      Executed DbCommand (0ms) [Parameters=[@__8__locals1_sheet_Id_0='?' (DbType = Int64), @__headerRow_Value_1='?' (DbType = Int32)], CommandType='Text', CommandTimeout='180']
      SELECT [r].[Id], [r].[CellDataType], [r].[DateValue], [r].[FormulaA1], [r].[HeaderSha256], [r].[HeaderText], [r].[LineageSha256], [r].[NumericValue], [r].[NumericValueExact], [r].[ParseRuleId], [r].[Qualifier], [r].[RawText], [r].[Sequence], [r].[SourceCell], [r].[SourceColumnNumber], [r].[SourceRowNumber], [r].[Status], [r].[Unit], [r].[Warning], [r].[WorkbookSheetId]
      FROM [RawCells] AS [r]
      WHERE [r].[WorkbookSheetId] = @__8__locals1_sheet_Id_0 AND [r].[SourceRowNumber] = @__headerRow_Value_1
      ORDER BY [r].[SourceColumnNumber]
info: Microsoft.EntityFrameworkCore.Database.Command[20101]
      Executed DbCommand (0ms) [Parameters=[@__8__locals1_sheet_Id_0='?' (DbType = Int64)], CommandType='Text', CommandTimeout='180']
      SELECT MIN([r].[SourceRowNumber])
      FROM [RawCells] AS [r]
      WHERE [r].[WorkbookSheetId] = @__8__locals1_sheet_Id_0
info: Microsoft.EntityFrameworkCore.Database.Command[20101]
      Executed DbCommand (0ms) [Parameters=[@__8__locals1_sheet_Id_0='?' (DbType = Int64), @__headerRow_Value_1='?' (DbType = Int32)], CommandType='Text', CommandTimeout='180']
      SELECT [r].[Id], [r].[CellDataType], [r].[DateValue], [r].[FormulaA1], [r].[HeaderSha256], [r].[HeaderText], [r].[LineageSha256], [r].[NumericValue], [r].[NumericValueExact], [r].[ParseRuleId], [r].[Qualifier], [r].[RawText], [r].[Sequence], [r].[SourceCell], [r].[SourceColumnNumber], [r].[SourceRowNumber], [r].[Status], [r].[Unit], [r].[Warning], [r].[WorkbookSheetId]
      FROM [RawCells] AS [r]
      WHERE [r].[WorkbookSheetId] = @__8__locals1_sheet_Id_0 AND [r].[SourceRowNumber] = @__headerRow_Value_1
      ORDER BY [r].[SourceColumnNumber]
info: Microsoft.EntityFrameworkCore.Database.Command[20101]
      Executed DbCommand (26ms) [Parameters=[@__selected_Id_0='?' (DbType = Int64), @__selected_HeaderRowNumber_1='?' (DbType = Int32)], CommandType='Text', CommandTimeout='180']
      SELECT [r].[SourceColumnNumber] AS [Column], COUNT(*) AS [Count]
      FROM [RawCells] AS [r]
      WHERE [r].[WorkbookSheetId] = @__selected_Id_0 AND [r].[SourceRowNumber] > @__selected_HeaderRowNumber_1 AND [r].[SourceColumnNumber] IN (1, 3, 4, 30, 31, 45)
      GROUP BY [r].[SourceColumnNumber]
info: Microsoft.EntityFrameworkCore.Database.Command[20101]
      Executed DbCommand (48ms) [Parameters=[@__sheet_Id_0='?' (DbType = Int64), @__sheet_HeaderRowNumber_1='?' (DbType = Int32)], CommandType='Text', CommandTimeout='180']
      SELECT [r].[Id], [r].[CellDataType], [r].[DateValue], [r].[FormulaA1], [r].[HeaderSha256], [r].[HeaderText], [r].[LineageSha256], [r].[NumericValue], [r].[NumericValueExact], [r].[ParseRuleId], [r].[Qualifier], [r].[RawText], [r].[Sequence], [r].[SourceCell], [r].[SourceColumnNumber], [r].[SourceRowNumber], [r].[Status], [r].[Unit], [r].[Warning], [r].[WorkbookSheetId]
      FROM [RawCells] AS [r]
      WHERE [r].[WorkbookSheetId] = @__sheet_Id_0 AND [r].[SourceRowNumber] > @__sheet_HeaderRowNumber_1 AND [r].[SourceColumnNumber] = 4
      ORDER BY [r].[SourceRowNumber]
info: Microsoft.EntityFrameworkCore.Database.Command[20101]
      Executed DbCommand (49ms) [Parameters=[@__sheet_Id_0='?' (DbType = Int64), @__sheet_HeaderRowNumber_1='?' (DbType = Int32)], CommandType='Text', CommandTimeout='180']
      SELECT [r].[Id], [r].[CellDataType], [r].[DateValue], [r].[FormulaA1], [r].[HeaderSha256], [r].[HeaderText], [r].[LineageSha256], [r].[NumericValue], [r].[NumericValueExact], [r].[ParseRuleId], [r].[Qualifier], [r].[RawText], [r].[Sequence], [r].[SourceCell], [r].[SourceColumnNumber], [r].[SourceRowNumber], [r].[Status], [r].[Unit], [r].[Warning], [r].[WorkbookSheetId]
      FROM [RawCells] AS [r]
      WHERE [r].[WorkbookSheetId] = @__sheet_Id_0 AND [r].[SourceRowNumber] > @__sheet_HeaderRowNumber_1 AND [r].[SourceColumnNumber] = 45
      ORDER BY [r].[SourceRowNumber]
info: Microsoft.EntityFrameworkCore.Database.Command[20101]
      Executed DbCommand (7ms) [Parameters=[@__sheet_Id_0='?' (DbType = Int64)], CommandType='Text', CommandTimeout='180']
      SELECT [r].[Id], [r].[CellDataType], [r].[DateValue], [r].[FormulaA1], [r].[HeaderSha256], [r].[HeaderText], [r].[LineageSha256], [r].[NumericValue], [r].[NumericValueExact], [r].[ParseRuleId], [r].[Qualifier], [r].[RawText], [r].[Sequence], [r].[SourceCell], [r].[SourceColumnNumber], [r].[SourceRowNumber], [r].[Status], [r].[Unit], [r].[Warning], [r].[WorkbookSheetId]
      FROM [RawCells] AS [r]
      WHERE [r].[WorkbookSheetId] = @__sheet_Id_0 AND [r].[SourceRowNumber] IN (2, 3, 4, 5, 6, 7, 8, 9, 10, 11, 12, 13, 14, 15, 16, 17, 18, 19, 20, 21, 22, 23, 24, 25, 26, 27, 28, 29, 30, 31, 32, 33, 34, 35, 36, 37, 38, 39, 40, 41, 42, 43, 44, 45, 46, 47, 48, 49, 50, 51, 52, 53, 54, 55, 56, 57, 58, 59, 60, 61, 62, 63, 64, 65, 66, 67, 68, 69, 70, 71, 72, 73, 74, 75, 76, 77, 78, 79, 80) AND [r].[SourceColumnNumber] IN (1, 3, 4, 30, 31, 45)
      ORDER BY [r].[SourceRowNumber], [r].[SourceColumnNumber]
info: Microsoft.EntityFrameworkCore.Database.Command[20101]
      Executed DbCommand (8ms) [Parameters=[@__releaseIdentity_0='?' (Size = 64) (DbType = AnsiString)], CommandType='Text', CommandTimeout='180']
      SELECT TOP(2) [d].[Id], [d].[ApprovedAtUtc], [d].[ApprovedBy], [d].[BlockedReasonsJson], [d].[ClassifierVersion], [d].[CreatedAtUtc], [d].[ImportBatchId], [d].[IsPublished], [d].[ReleaseIdentity], [d].[Revision], [d].[SchemaVersion], [d].[State], [i].[Id], [i].[BatchIdentity], [i].[BlockedReasonsJson], [i].[ClassifierVersion], [i].[CreatedAtUtc], [i].[FileSha256], [i].[FileSizeBytes], [i].[InspectedAtUtc], [i].[InspectedCellCount], [i].[OriginalFileName], [i].[Revision], [i].[SchemaVersion], [i].[SheetCount], [i].[State], [i].[WarningsJson]
      FROM [DatasetReleases] AS [d]
      INNER JOIN [ImportBatches] AS [i] ON [d].[ImportBatchId] = [i].[Id]
      WHERE [d].[ReleaseIdentity] = @__releaseIdentity_0
info: Microsoft.EntityFrameworkCore.Database.Command[20101]
      Executed DbCommand (1ms) [Parameters=[@__stored_Batch_Id_0='?' (DbType = Int64)], CommandType='Text', CommandTimeout='180']
      SELECT COUNT(*)
      FROM [WorkbookSheets] AS [w]
      WHERE [w].[ImportBatchId] = @__stored_Batch_Id_0
info: Microsoft.EntityFrameworkCore.Database.Command[20101]
      Executed DbCommand (35ms) [Parameters=[@__stored_Batch_Id_0='?' (DbType = Int64)], CommandType='Text', CommandTimeout='180']
      SELECT COUNT_BIG(*)
      FROM [RawCells] AS [r]
      INNER JOIN [WorkbookSheets] AS [w] ON [r].[WorkbookSheetId] = [w].[Id]
      WHERE [w].[ImportBatchId] = @__stored_Batch_Id_0
info: Microsoft.EntityFrameworkCore.Database.Command[20101]
      Executed DbCommand (2ms) [Parameters=[@__releaseId_0='?' (Size = 64) (DbType = AnsiString)], CommandType='Text', CommandTimeout='180']
      SELECT TOP(2) [d].[ImportBatchId], [i].[BatchIdentity], [d].[ReleaseIdentity], [d].[SchemaVersion], [d].[ClassifierVersion], [d].[State], [d].[IsPublished], [d].[ApprovedBy], [d].[ApprovedAtUtc]
      FROM [DatasetReleases] AS [d]
      INNER JOIN [ImportBatches] AS [i] ON [d].[ImportBatchId] = [i].[Id]
      WHERE [d].[ReleaseIdentity] = @__releaseId_0
info: Microsoft.EntityFrameworkCore.Database.Command[20101]
      Executed DbCommand (1ms) [Parameters=[@__importBatchId_0='?' (DbType = Int64)], CommandType='Text', CommandTimeout='180']
      SELECT [w].[Id], [w].[SheetName], [w].[DataRowCount]
      FROM [WorkbookSheets] AS [w]
      WHERE [w].[ImportBatchId] = @__importBatchId_0
      ORDER BY [w].[Id]
info: Microsoft.EntityFrameworkCore.Database.Command[20101]
      Executed DbCommand (1ms) [Parameters=[@__8__locals1_sheet_Id_0='?' (DbType = Int64)], CommandType='Text', CommandTimeout='180']
      SELECT MIN([r].[SourceRowNumber])
      FROM [RawCells] AS [r]
      WHERE [r].[WorkbookSheetId] = @__8__locals1_sheet_Id_0
info: Microsoft.EntityFrameworkCore.Database.Command[20101]
      Executed DbCommand (2ms) [Parameters=[@__8__locals1_sheet_Id_0='?' (DbType = Int64), @__headerRow_Value_1='?' (DbType = Int32)], CommandType='Text', CommandTimeout='180']
      SELECT [r].[Id], [r].[CellDataType], [r].[DateValue], [r].[FormulaA1], [r].[HeaderSha256], [r].[HeaderText], [r].[LineageSha256], [r].[NumericValue], [r].[NumericValueExact], [r].[ParseRuleId], [r].[Qualifier], [r].[RawText], [r].[Sequence], [r].[SourceCell], [r].[SourceColumnNumber], [r].[SourceRowNumber], [r].[Status], [r].[Unit], [r].[Warning], [r].[WorkbookSheetId]
      FROM [RawCells] AS [r]
      WHERE [r].[WorkbookSheetId] = @__8__locals1_sheet_Id_0 AND [r].[SourceRowNumber] = @__headerRow_Value_1
      ORDER BY [r].[SourceColumnNumber]
info: Microsoft.EntityFrameworkCore.Database.Command[20101]
      Executed DbCommand (1ms) [Parameters=[@__8__locals1_sheet_Id_0='?' (DbType = Int64)], CommandType='Text', CommandTimeout='180']
      SELECT MIN([r].[SourceRowNumber])
      FROM [RawCells] AS [r]
      WHERE [r].[WorkbookSheetId] = @__8__locals1_sheet_Id_0
info: Microsoft.EntityFrameworkCore.Database.Command[20101]
      Executed DbCommand (1ms) [Parameters=[@__8__locals1_sheet_Id_0='?' (DbType = Int64), @__headerRow_Value_1='?' (DbType = Int32)], CommandType='Text', CommandTimeout='180']
      SELECT [r].[Id], [r].[CellDataType], [r].[DateValue], [r].[FormulaA1], [r].[HeaderSha256], [r].[HeaderText], [r].[LineageSha256], [r].[NumericValue], [r].[NumericValueExact], [r].[ParseRuleId], [r].[Qualifier], [r].[RawText], [r].[Sequence], [r].[SourceCell], [r].[SourceColumnNumber], [r].[SourceRowNumber], [r].[Status], [r].[Unit], [r].[Warning], [r].[WorkbookSheetId]
      FROM [RawCells] AS [r]
      WHERE [r].[WorkbookSheetId] = @__8__locals1_sheet_Id_0 AND [r].[SourceRowNumber] = @__headerRow_Value_1
      ORDER BY [r].[SourceColumnNumber]
info: Microsoft.EntityFrameworkCore.Database.Command[20101]
      Executed DbCommand (2ms) [Parameters=[@__selected_Id_0='?' (DbType = Int64), @__selected_HeaderRowNumber_1='?' (DbType = Int32)], CommandType='Text', CommandTimeout='180']
      SELECT [r].[Id], [r].[CellDataType], [r].[DateValue], [r].[FormulaA1], [r].[HeaderSha256], [r].[HeaderText], [r].[LineageSha256], [r].[NumericValue], [r].[NumericValueExact], [r].[ParseRuleId], [r].[Qualifier], [r].[RawText], [r].[Sequence], [r].[SourceCell], [r].[SourceColumnNumber], [r].[SourceRowNumber], [r].[Status], [r].[Unit], [r].[Warning], [r].[WorkbookSheetId]
      FROM [RawCells] AS [r]
      WHERE [r].[WorkbookSheetId] = @__selected_Id_0 AND [r].[SourceRowNumber] = @__selected_HeaderRowNumber_1
      ORDER BY [r].[SourceColumnNumber]
info: Microsoft.EntityFrameworkCore.Database.Command[20101]
      Executed DbCommand (35ms) [Parameters=[@__selected_Id_0='?' (DbType = Int64), @__selected_HeaderRowNumber_1='?' (DbType = Int32)], CommandType='Text', CommandTimeout='180']
      SELECT [r].[SourceColumnNumber] AS [Column], COUNT(*) AS [Count]
      FROM [RawCells] AS [r]
      WHERE [r].[WorkbookSheetId] = @__selected_Id_0 AND [r].[SourceRowNumber] > @__selected_HeaderRowNumber_1 AND [r].[SourceColumnNumber] IN (1, 4, 17, 18, 19, 20, 45)
      GROUP BY [r].[SourceColumnNumber]
info: Microsoft.EntityFrameworkCore.Database.Command[20101]
      Executed DbCommand (145ms) [Parameters=[@__sheet_Id_0='?' (DbType = Int64), @__sheet_HeaderRowNumber_1='?' (DbType = Int32)], CommandType='Text', CommandTimeout='180']
      SELECT [r].[Id], [r].[CellDataType], [r].[DateValue], [r].[FormulaA1], [r].[HeaderSha256], [r].[HeaderText], [r].[LineageSha256], [r].[NumericValue], [r].[NumericValueExact], [r].[ParseRuleId], [r].[Qualifier], [r].[RawText], [r].[Sequence], [r].[SourceCell], [r].[SourceColumnNumber], [r].[SourceRowNumber], [r].[Status], [r].[Unit], [r].[Warning], [r].[WorkbookSheetId]
      FROM [RawCells] AS [r]
      WHERE [r].[WorkbookSheetId] = @__sheet_Id_0 AND [r].[SourceRowNumber] > @__sheet_HeaderRowNumber_1 AND [r].[SourceColumnNumber] = 4 AND EXISTS (
          SELECT 1
          FROM [RawCells] AS [r0]
          WHERE [r0].[WorkbookSheetId] = @__sheet_Id_0 AND [r0].[SourceRowNumber] = [r].[SourceRowNumber] AND [r0].[SourceColumnNumber] IN (17, 18, 19, 20) AND [r0].[Status] <> 'Missing')
      ORDER BY [r].[SourceRowNumber]
info: Microsoft.EntityFrameworkCore.Database.Command[20101]
      Executed DbCommand (113ms) [Parameters=[@__sheet_Id_0='?' (DbType = Int64)], CommandType='Text', CommandTimeout='180']
      SELECT [r].[Id], [r].[CellDataType], [r].[DateValue], [r].[FormulaA1], [r].[HeaderSha256], [r].[HeaderText], [r].[LineageSha256], [r].[NumericValue], [r].[NumericValueExact], [r].[ParseRuleId], [r].[Qualifier], [r].[RawText], [r].[Sequence], [r].[SourceCell], [r].[SourceColumnNumber], [r].[SourceRowNumber], [r].[Status], [r].[Unit], [r].[Warning], [r].[WorkbookSheetId]
      FROM [RawCells] AS [r]
      WHERE [r].[WorkbookSheetId] = @__sheet_Id_0 AND [r].[SourceRowNumber] IN (2, 3, 4, 5, 6, 7, 8, 9, 10, 11, 12, 13, 14, 15, 16, 17, 18, 19, 20, 21, 22, 23, 24, 25, 26, 27, 28, 29, 30, 31, 32, 33, 34, 35, 36, 37, 38, 39, 40, 41, 42, 43, 44, 45, 46, 47, 48, 49, 50, 51, 52, 53, 54, 55, 56, 57, 58, 59, 60, 61, 62, 63, 64, 65, 66, 67, 68, 69, 70, 71, 72, 73, 74, 75, 76, 77, 78, 79, 80, 154, 156, 159, 169, 170, 173, 174, 181, 183, 185, 187, 193, 200, 206, 211, 213, 226, 227, 229, 230, 231, 232, 233, 234, 237, 238, 239, 240, 241, 242, 244, 245, 247, 248, 250, 251, 252, 253, 254, 255, 256, 258, 259, 260, 261, 262, 263, 264, 267, 268, 269, 270, 271, 273, 274, 275, 276, 277, 278, 279, 281, 282, 283, 284, 285, 286, 287, 288, 290, 291, 292, 293, 294, 295, 296, 298, 299, 300, 301, 302, 304, 305, 306, 307, 308, 310, 311, 312, 313, 318, 319, 322, 324, 331, 337, 338, 342, 344, 355, 357, 362, 372, 374, 384, 386, 399, 401, 407, 408, 410, 415, 417, 429, 431, 432, 434, 436, 442, 443, 457, 458, 460, 462, 483, 485, 486, 487, 488, 489, 490, 491, 492, 493, 494, 495, 496, 497, 498, 499, 500, 501, 503, 504, 505, 506, 508, 509, 510, 511, 512, 513, 514, 515, 517, 518, 519, 520, 521, 522, 523, 525, 526, 527, 528, 529, 530, 532, 533, 534, 535, 536, 538, 539, 540, 541, 542, 543, 544, 545, 547, 548, 549, 550, 551, 552, 558, 565, 567, 573, 579, 581, 583, 585, 596, 598, 604, 611, 612, 615, 627, 629, 634, 642, 643, 651, 652, 658, 660, 661, 662, 663, 664, 669, 671, 680, 681, 682, 683, 684, 691, 693, 700, 701, 702, 703, 705, 706, 707, 708, 709, 711, 712, 713, 714, 715, 716, 717, 718, 719, 721, 722, 723, 724, 726, 727, 728, 729, 730, 731, 733, 734, 736, 737, 738, 739, 740, 742, 743, 744, 745, 746, 747, 749, 750, 751, 752, 753, 755, 756, 757, 758, 763, 765, 770, 772, 775, 776, 784, 786, 789, 794, 796, 808, 809, 815, 817, 825, 827, 839, 840, 847, 848, 856, 858, 863, 867, 869, 872, 873, 885, 890, 892, 894, 895, 901, 903, 912, 914, 918, 919, 920, 921, 922, 923, 926, 927, 928, 929, 930, 931, 934, 935, 936, 937, 945, 946, 947, 948, 950, 951, 952, 953, 954, 955, 956, 958, 959, 961, 962, 967, 968, 971, 972, 975, 976, 977, 978, 985, 986, 987, 988, 997, 998, 1010, 1011, 1013, 1014, 1019, 1020, 1022, 1023, 1030, 1031, 1042, 1043, 1045, 1046, 1053, 1054, 1055, 1056, 1060, 1062, 1068, 1069, 1073, 1080, 1082, 1087, 1089, 1094, 1100, 1102, 1108, 1110, 1116, 1118, 1130, 1139, 1144, 1145, 1146, 1147, 1148, 1149, 1151, 1152, 1153, 1154, 1155, 1156, 1158, 1159, 1160, 1161, 1162, 1165, 1166, 1167, 1169, 1170, 1171, 1172, 1174, 1177, 1178, 1179, 1180, 1181, 1182, 1183, 1185, 1186, 1188, 1189, 1190, 1191, 1192, 1193, 1194, 1195, 1197, 1198, 1199, 1200, 1201, 1203, 1204, 1205, 1206, 1207, 1208, 1212, 1213, 1214, 1215, 1221, 1222, 1223, 1224, 1234, 1239, 1240, 1241, 1242, 1249, 1250, 1252, 1253, 1259, 1260, 1261, 1262, 1270, 1275, 1276, 1277, 1278, 1284, 1294, 1295, 1297, 1301, 1310, 1311, 1313, 1321, 1322, 1325, 1326, 1332, 1333, 1339, 1340, 1343, 1351, 1352, 1356, 1358, 1364, 1366, 1371, 1373, 1381, 1383, 1384, 1388, 1390, 1403, 1404, 1409, 1411, 1412, 1413, 1414, 1415, 1416, 1418, 1419, 1421, 1425, 1427, 1428, 1430, 1431, 1432, 1433, 1434, 1435, 1436, 1438, 1439, 1440, 1441, 1442, 1443, 1444, 1445, 1447, 1448, 1449, 1450, 1451, 1453, 1454, 1455, 1456, 1457, 1458, 1459, 1461, 1462, 1463, 1464, 1465, 1466, 1467, 1469, 1470, 1471, 1472, 1473, 1474, 1475, 1476, 1477, 1483, 1484, 1486, 1487, 1492, 1493, 1495, 1496, 1501, 1502, 1509, 1510, 1512, 1513, 1515, 1516, 1524, 1528, 1535, 1544, 1545, 1547, 1559, 1560, 1562, 1568, 1569, 1571, 1578, 1579, 1583, 1585, 1589, 1593, 1598, 1604, 1605, 1615, 1619, 1621, 1628, 1635, 1636, 1638, 1639, 1649, 1653, 1665, 1668, 1669, 1670, 1671, 1672, 1673, 1675, 1676, 1677, 1678, 1680, 1681, 1683, 1684, 1685, 1686, 1687, 1688, 1689, 1691, 1692, 1693, 1694, 1695, 1696, 1698, 1699, 1700, 1701, 1702, 1703, 1704, 1705, 1707, 1708, 1709, 1710, 1711, 1713, 1714, 1715, 1716, 1717, 1718, 1719, 1721, 1722, 1723, 1724, 1725, 1726, 1728, 1729, 1730, 1734, 1735, 1740, 1741, 1743, 1744, 1748, 1749, 1751, 1752, 1754, 1755, 1761, 1762, 1766, 1767, 1769, 1770, 1773, 1775, 1779, 1786, 1787, 1788, 1789, 1791, 1792, 1793, 1794, 1795, 1796, 1797, 1800, 1801, 1803, 1804, 1811, 1812, 1818, 1819, 1827, 1828, 1831, 1832, 1834, 1835, 1836, 1837, 1838, 1839, 1840, 1841, 1842, 1843, 1846, 1847, 1849, 1850, 1852, 1853, 1854, 1855, 1856, 1857, 1859, 1860, 1861, 1862, 1863, 1864, 1866, 1867, 1868, 1869, 1870, 1872, 1873, 1874, 1875, 1876, 1877, 1878, 1879, 1881, 1882, 1883, 1884, 1885, 1886, 1887, 1888, 1890, 1891, 1892, 1893, 1894, 1896, 1897, 1898, 1899, 1900, 1902, 1903, 1904, 1905, 1907, 1908, 1910, 1911, 1912, 1913, 1917, 1918, 1919, 1920, 1925, 1926, 1927, 1928, 1936, 1937, 1942, 1943, 1944, 1945, 1960, 1961, 1962, 1963, 1970, 1971, 1975, 1976, 1983, 1984, 1986, 1989, 1990, 1999, 2000, 2002, 2012, 2018, 2020, 2021, 2027, 2032, 2033, 2037, 2043, 2044, 2046, 2052, 2057, 2061, 2067, 2068, 2070, 2074, 2081, 2083, 2084, 2085, 2086, 2087, 2088, 2090, 2091, 2092, 2093, 2094, 2095, 2096, 2100, 2101, 2102, 2103, 2105, 2106, 2107, 2108, 2109, 2110, 2111, 2113, 2114, 2115, 2116, 2117, 2118, 2119, 2120, 2121, 2123, 2124, 2125, 2126, 2127, 2129, 2130, 2131, 2132, 2133, 2134, 2135, 2137, 2138, 2139, 2140, 2141, 2144, 2145, 2146, 2147, 2148, 2149, 2151, 2152, 2153, 2154, 2155, 2156, 2158, 2159, 2160, 2161, 2162, 2163, 2165, 2166, 2167, 2168, 2169, 2170, 2174, 2182, 2183, 2187, 2189, 2192, 2195, 2206, 2208, 2217, 2219, 2226, 2227, 2238, 2240, 2248, 2250, 2263, 2264, 2265, 2266, 2267, 2268, 2272, 2273, 2274, 2275, 2276, 2277, 2278, 2279, 2281, 2282, 2283, 2284, 2285, 2288, 2289, 2290, 2291, 2292, 2293, 2296, 2297, 2298, 2301, 2302, 2303, 2304, 2305, 2306, 2307, 2318, 2320, 2321, 2322, 2323, 2324, 2325, 2326, 2327, 2328, 2329, 2330, 2331, 2332, 2333, 2334, 2335, 2336, 2337, 2338, 2339, 2340, 2341, 2342, 2344, 2345, 2346, 2347, 2348, 2349, 2358, 2360, 2362, 2363, 2368, 2370, 2376, 2385, 2389, 2391, 2393, 2394, 2401, 2402, 2409, 2417, 2420, 2422, 2432, 2438, 2440, 2447, 2448, 2453, 2455, 2462, 2464, 2467, 2469, 2479, 2481, 2484, 2486, 2492, 2493, 2498, 2500, 2511, 2512, 2517, 2519, 2524, 2526, 2538, 2539, 2540, 2541, 2542, 2543, 2546, 2547, 2550, 2551, 2553, 2554, 2555, 2556, 2559, 2560, 2561, 2562, 2563, 2564, 2566, 2567, 2568, 2569, 2570, 2572, 2573, 2574, 2575, 2576, 2577, 2578, 2580, 2581, 2582, 2583, 2584, 2585, 2586, 2588, 2589, 2590, 2591, 2592, 2593, 2595, 2597, 2598, 2599, 2600, 2601, 2608, 2609, 2614, 2621, 2622, 2629, 2630, 2644, 2645, 2647, 2648, 2662, 2665, 2668, 2676, 2692, 2693, 2700, 2701, 2705, 2711, 2712, 2721, 2722, 2725, 2731, 2733, 2736, 2737, 2744, 2752, 2761, 2762, 2766, 2767, 2781, 2783, 2786, 2787, 2788, 2789, 2790, 2791, 2792, 2797, 2798, 2799, 2800, 2802, 2803, 2804, 2805, 2808, 2809, 2810, 2811, 2812, 2814, 2815, 2816, 2817, 2818, 2819, 2821, 2822, 2823, 2824, 2826, 2827, 2828, 2829, 2830, 2831, 2832, 2834, 2835, 2836, 2837, 2838, 2839, 2840, 2841, 2842, 2843, 2845, 2846, 2847, 2848, 2849, 2850, 2851) AND [r].[SourceColumnNumber] IN (1, 4)
      ORDER BY [r].[SourceRowNumber], [r].[SourceColumnNumber]
info: Microsoft.EntityFrameworkCore.Database.Command[20101]
      Executed DbCommand (0ms) [Parameters=[@__releaseId_0='?' (Size = 64) (DbType = AnsiString)], CommandType='Text', CommandTimeout='180']
      SELECT TOP(2) [d].[ImportBatchId], [i].[BatchIdentity], [d].[ReleaseIdentity], [d].[SchemaVersion], [d].[ClassifierVersion], [d].[State], [d].[IsPublished], [d].[ApprovedBy], [d].[ApprovedAtUtc]
      FROM [DatasetReleases] AS [d]
      INNER JOIN [ImportBatches] AS [i] ON [d].[ImportBatchId] = [i].[Id]
      WHERE [d].[ReleaseIdentity] = @__releaseId_0
info: Microsoft.EntityFrameworkCore.Database.Command[20101]
      Executed DbCommand (0ms) [Parameters=[@__importBatchId_0='?' (DbType = Int64)], CommandType='Text', CommandTimeout='180']
      SELECT [w].[Id], [w].[SheetName], [w].[DataRowCount]
      FROM [WorkbookSheets] AS [w]
      WHERE [w].[ImportBatchId] = @__importBatchId_0
      ORDER BY [w].[Id]
info: Microsoft.EntityFrameworkCore.Database.Command[20101]
      Executed DbCommand (0ms) [Parameters=[@__8__locals1_sheet_Id_0='?' (DbType = Int64)], CommandType='Text', CommandTimeout='180']
      SELECT MIN([r].[SourceRowNumber])
      FROM [RawCells] AS [r]
      WHERE [r].[WorkbookSheetId] = @__8__locals1_sheet_Id_0
info: Microsoft.EntityFrameworkCore.Database.Command[20101]
      Executed DbCommand (0ms) [Parameters=[@__8__locals1_sheet_Id_0='?' (DbType = Int64), @__headerRow_Value_1='?' (DbType = Int32)], CommandType='Text', CommandTimeout='180']
      SELECT [r].[Id], [r].[CellDataType], [r].[DateValue], [r].[FormulaA1], [r].[HeaderSha256], [r].[HeaderText], [r].[LineageSha256], [r].[NumericValue], [r].[NumericValueExact], [r].[ParseRuleId], [r].[Qualifier], [r].[RawText], [r].[Sequence], [r].[SourceCell], [r].[SourceColumnNumber], [r].[SourceRowNumber], [r].[Status], [r].[Unit], [r].[Warning], [r].[WorkbookSheetId]
      FROM [RawCells] AS [r]
      WHERE [r].[WorkbookSheetId] = @__8__locals1_sheet_Id_0 AND [r].[SourceRowNumber] = @__headerRow_Value_1
      ORDER BY [r].[SourceColumnNumber]
info: Microsoft.EntityFrameworkCore.Database.Command[20101]
      Executed DbCommand (0ms) [Parameters=[@__8__locals1_sheet_Id_0='?' (DbType = Int64)], CommandType='Text', CommandTimeout='180']
      SELECT MIN([r].[SourceRowNumber])
      FROM [RawCells] AS [r]
      WHERE [r].[WorkbookSheetId] = @__8__locals1_sheet_Id_0
info: Microsoft.EntityFrameworkCore.Database.Command[20101]
      Executed DbCommand (0ms) [Parameters=[@__8__locals1_sheet_Id_0='?' (DbType = Int64), @__headerRow_Value_1='?' (DbType = Int32)], CommandType='Text', CommandTimeout='180']
      SELECT [r].[Id], [r].[CellDataType], [r].[DateValue], [r].[FormulaA1], [r].[HeaderSha256], [r].[HeaderText], [r].[LineageSha256], [r].[NumericValue], [r].[NumericValueExact], [r].[ParseRuleId], [r].[Qualifier], [r].[RawText], [r].[Sequence], [r].[SourceCell], [r].[SourceColumnNumber], [r].[SourceRowNumber], [r].[Status], [r].[Unit], [r].[Warning], [r].[WorkbookSheetId]
      FROM [RawCells] AS [r]
      WHERE [r].[WorkbookSheetId] = @__8__locals1_sheet_Id_0 AND [r].[SourceRowNumber] = @__headerRow_Value_1
      ORDER BY [r].[SourceColumnNumber]
info: Microsoft.EntityFrameworkCore.Database.Command[20101]
      Executed DbCommand (26ms) [Parameters=[@__selected_Id_0='?' (DbType = Int64), @__selected_HeaderRowNumber_1='?' (DbType = Int32)], CommandType='Text', CommandTimeout='180']
      SELECT [r].[SourceColumnNumber] AS [Column], COUNT(*) AS [Count]
      FROM [RawCells] AS [r]
      WHERE [r].[WorkbookSheetId] = @__selected_Id_0 AND [r].[SourceRowNumber] > @__selected_HeaderRowNumber_1 AND [r].[SourceColumnNumber] IN (1, 3, 4, 30, 31, 45)
      GROUP BY [r].[SourceColumnNumber]
info: Microsoft.EntityFrameworkCore.Database.Command[20101]
      Executed DbCommand (63ms) [Parameters=[@__sheet_Id_0='?' (DbType = Int64), @__sheet_HeaderRowNumber_1='?' (DbType = Int32)], CommandType='Text', CommandTimeout='180']
      SELECT [r].[Id], [r].[CellDataType], [r].[DateValue], [r].[FormulaA1], [r].[HeaderSha256], [r].[HeaderText], [r].[LineageSha256], [r].[NumericValue], [r].[NumericValueExact], [r].[ParseRuleId], [r].[Qualifier], [r].[RawText], [r].[Sequence], [r].[SourceCell], [r].[SourceColumnNumber], [r].[SourceRowNumber], [r].[Status], [r].[Unit], [r].[Warning], [r].[WorkbookSheetId]
      FROM [RawCells] AS [r]
      WHERE [r].[WorkbookSheetId] = @__sheet_Id_0 AND [r].[SourceRowNumber] > @__sheet_HeaderRowNumber_1 AND [r].[SourceColumnNumber] = 4
      ORDER BY [r].[SourceRowNumber]
info: Microsoft.EntityFrameworkCore.Database.Command[20101]
      Executed DbCommand (80ms) [Parameters=[@__sheet_Id_0='?' (DbType = Int64), @__sheet_HeaderRowNumber_1='?' (DbType = Int32)], CommandType='Text', CommandTimeout='180']
      SELECT [r].[Id], [r].[CellDataType], [r].[DateValue], [r].[FormulaA1], [r].[HeaderSha256], [r].[HeaderText], [r].[LineageSha256], [r].[NumericValue], [r].[NumericValueExact], [r].[ParseRuleId], [r].[Qualifier], [r].[RawText], [r].[Sequence], [r].[SourceCell], [r].[SourceColumnNumber], [r].[SourceRowNumber], [r].[Status], [r].[Unit], [r].[Warning], [r].[WorkbookSheetId]
      FROM [RawCells] AS [r]
      WHERE [r].[WorkbookSheetId] = @__sheet_Id_0 AND [r].[SourceRowNumber] > @__sheet_HeaderRowNumber_1 AND [r].[SourceColumnNumber] = 45
      ORDER BY [r].[SourceRowNumber]
info: Microsoft.EntityFrameworkCore.Database.Command[20101]
      Executed DbCommand (6ms) [Parameters=[@__sheet_Id_0='?' (DbType = Int64)], CommandType='Text', CommandTimeout='180']
      SELECT [r].[Id], [r].[CellDataType], [r].[DateValue], [r].[FormulaA1], [r].[HeaderSha256], [r].[HeaderText], [r].[LineageSha256], [r].[NumericValue], [r].[NumericValueExact], [r].[ParseRuleId], [r].[Qualifier], [r].[RawText], [r].[Sequence], [r].[SourceCell], [r].[SourceColumnNumber], [r].[SourceRowNumber], [r].[Status], [r].[Unit], [r].[Warning], [r].[WorkbookSheetId]
      FROM [RawCells] AS [r]
      WHERE [r].[WorkbookSheetId] = @__sheet_Id_0 AND [r].[SourceRowNumber] IN (2, 3, 4, 5, 6, 7, 8, 9, 10, 11, 12, 13, 14, 15, 16, 17, 18, 19, 20, 21, 22, 23, 24, 25, 26, 27, 28, 29, 30, 31, 32, 33, 34, 35, 36, 37, 38, 39, 40, 41, 42, 43, 44, 45, 46, 47, 48, 49, 50, 51, 52, 53, 54, 55, 56, 57, 58, 59, 60, 61, 62, 63, 64, 65, 66, 67, 68, 69, 70, 71, 72, 73, 74, 75, 76, 77, 78, 79, 80) AND [r].[SourceColumnNumber] IN (1, 3, 4, 30, 31, 45)
      ORDER BY [r].[SourceRowNumber], [r].[SourceColumnNumber]
info: Microsoft.EntityFrameworkCore.Database.Command[20101]
      Executed DbCommand (0ms) [Parameters=[@__releaseIdentity_0='?' (Size = 64) (DbType = AnsiString)], CommandType='Text', CommandTimeout='180']
      SELECT TOP(2) [d].[Id], [d].[ApprovedAtUtc], [d].[ApprovedBy], [d].[BlockedReasonsJson], [d].[ClassifierVersion], [d].[CreatedAtUtc], [d].[ImportBatchId], [d].[IsPublished], [d].[ReleaseIdentity], [d].[Revision], [d].[SchemaVersion], [d].[State], [i].[Id], [i].[BatchIdentity], [i].[BlockedReasonsJson], [i].[ClassifierVersion], [i].[CreatedAtUtc], [i].[FileSha256], [i].[FileSizeBytes], [i].[InspectedAtUtc], [i].[InspectedCellCount], [i].[OriginalFileName], [i].[Revision], [i].[SchemaVersion], [i].[SheetCount], [i].[State], [i].[WarningsJson]
      FROM [DatasetReleases] AS [d]
      INNER JOIN [ImportBatches] AS [i] ON [d].[ImportBatchId] = [i].[Id]
      WHERE [d].[ReleaseIdentity] = @__releaseIdentity_0
info: Microsoft.EntityFrameworkCore.Database.Command[20101]
      Executed DbCommand (0ms) [Parameters=[@__stored_Batch_Id_0='?' (DbType = Int64)], CommandType='Text', CommandTimeout='180']
      SELECT COUNT(*)
      FROM [WorkbookSheets] AS [w]
      WHERE [w].[ImportBatchId] = @__stored_Batch_Id_0
info: Microsoft.EntityFrameworkCore.Database.Command[20101]
      Executed DbCommand (26ms) [Parameters=[@__stored_Batch_Id_0='?' (DbType = Int64)], CommandType='Text', CommandTimeout='180']
      SELECT COUNT_BIG(*)
      FROM [RawCells] AS [r]
      INNER JOIN [WorkbookSheets] AS [w] ON [r].[WorkbookSheetId] = [w].[Id]
      WHERE [w].[ImportBatchId] = @__stored_Batch_Id_0
info: Microsoft.EntityFrameworkCore.Database.Command[20101]
      Executed DbCommand (0ms) [Parameters=[@__releaseIdentity_0='?' (Size = 64) (DbType = AnsiString)], CommandType='Text', CommandTimeout='180']
      SELECT TOP(2) [d].[Id], [d].[ApprovedAtUtc], [d].[ApprovedBy], [d].[BlockedReasonsJson], [d].[ClassifierVersion], [d].[CreatedAtUtc], [d].[ImportBatchId], [d].[IsPublished], [d].[ReleaseIdentity], [d].[Revision], [d].[SchemaVersion], [d].[State], [i].[Id], [i].[BatchIdentity], [i].[BlockedReasonsJson], [i].[ClassifierVersion], [i].[CreatedAtUtc], [i].[FileSha256], [i].[FileSizeBytes], [i].[InspectedAtUtc], [i].[InspectedCellCount], [i].[OriginalFileName], [i].[Revision], [i].[SchemaVersion], [i].[SheetCount], [i].[State], [i].[WarningsJson]
      FROM [DatasetReleases] AS [d]
      INNER JOIN [ImportBatches] AS [i] ON [d].[ImportBatchId] = [i].[Id]
      WHERE [d].[ReleaseIdentity] = @__releaseIdentity_0
info: Microsoft.EntityFrameworkCore.Database.Command[20101]
      Executed DbCommand (0ms) [Parameters=[@__stored_Batch_Id_0='?' (DbType = Int64)], CommandType='Text', CommandTimeout='180']
      SELECT COUNT(*)
      FROM [WorkbookSheets] AS [w]
      WHERE [w].[ImportBatchId] = @__stored_Batch_Id_0
info: Microsoft.EntityFrameworkCore.Database.Command[20101]
      Executed DbCommand (29ms) [Parameters=[@__stored_Batch_Id_0='?' (DbType = Int64)], CommandType='Text', CommandTimeout='180']
      SELECT COUNT_BIG(*)
      FROM [RawCells] AS [r]
      INNER JOIN [WorkbookSheets] AS [w] ON [r].[WorkbookSheetId] = [w].[Id]
      WHERE [w].[ImportBatchId] = @__stored_Batch_Id_0
info: Microsoft.EntityFrameworkCore.Database.Command[20101]
      Executed DbCommand (0ms) [Parameters=[@__releaseId_0='?' (Size = 64) (DbType = AnsiString)], CommandType='Text', CommandTimeout='180']
      SELECT TOP(2) [d].[ImportBatchId], [i].[BatchIdentity], [d].[ReleaseIdentity], [d].[SchemaVersion], [d].[ClassifierVersion], [d].[State], [d].[IsPublished], [d].[ApprovedBy], [d].[ApprovedAtUtc]
      FROM [DatasetReleases] AS [d]
      INNER JOIN [ImportBatches] AS [i] ON [d].[ImportBatchId] = [i].[Id]
      WHERE [d].[ReleaseIdentity] = @__releaseId_0
info: Microsoft.EntityFrameworkCore.Database.Command[20101]
      Executed DbCommand (0ms) [Parameters=[@__importBatchId_0='?' (DbType = Int64)], CommandType='Text', CommandTimeout='180']
      SELECT [w].[Id], [w].[SheetName], [w].[DataRowCount]
      FROM [WorkbookSheets] AS [w]
      WHERE [w].[ImportBatchId] = @__importBatchId_0
      ORDER BY [w].[Id]
info: Microsoft.EntityFrameworkCore.Database.Command[20101]
      Executed DbCommand (0ms) [Parameters=[@__8__locals1_sheet_Id_0='?' (DbType = Int64)], CommandType='Text', CommandTimeout='180']
      SELECT MIN([r].[SourceRowNumber])
      FROM [RawCells] AS [r]
      WHERE [r].[WorkbookSheetId] = @__8__locals1_sheet_Id_0
info: Microsoft.EntityFrameworkCore.Database.Command[20101]
      Executed DbCommand (1ms) [Parameters=[@__8__locals1_sheet_Id_0='?' (DbType = Int64), @__headerRow_Value_1='?' (DbType = Int32)], CommandType='Text', CommandTimeout='180']
      SELECT [r].[Id], [r].[CellDataType], [r].[DateValue], [r].[FormulaA1], [r].[HeaderSha256], [r].[HeaderText], [r].[LineageSha256], [r].[NumericValue], [r].[NumericValueExact], [r].[ParseRuleId], [r].[Qualifier], [r].[RawText], [r].[Sequence], [r].[SourceCell], [r].[SourceColumnNumber], [r].[SourceRowNumber], [r].[Status], [r].[Unit], [r].[Warning], [r].[WorkbookSheetId]
      FROM [RawCells] AS [r]
      WHERE [r].[WorkbookSheetId] = @__8__locals1_sheet_Id_0 AND [r].[SourceRowNumber] = @__headerRow_Value_1
      ORDER BY [r].[SourceColumnNumber]
info: Microsoft.EntityFrameworkCore.Database.Command[20101]
      Executed DbCommand (0ms) [Parameters=[@__8__locals1_sheet_Id_0='?' (DbType = Int64)], CommandType='Text', CommandTimeout='180']
      SELECT MIN([r].[SourceRowNumber])
      FROM [RawCells] AS [r]
      WHERE [r].[WorkbookSheetId] = @__8__locals1_sheet_Id_0
info: Microsoft.EntityFrameworkCore.Database.Command[20101]
      Executed DbCommand (0ms) [Parameters=[@__8__locals1_sheet_Id_0='?' (DbType = Int64), @__headerRow_Value_1='?' (DbType = Int32)], CommandType='Text', CommandTimeout='180']
      SELECT [r].[Id], [r].[CellDataType], [r].[DateValue], [r].[FormulaA1], [r].[HeaderSha256], [r].[HeaderText], [r].[LineageSha256], [r].[NumericValue], [r].[NumericValueExact], [r].[ParseRuleId], [r].[Qualifier], [r].[RawText], [r].[Sequence], [r].[SourceCell], [r].[SourceColumnNumber], [r].[SourceRowNumber], [r].[Status], [r].[Unit], [r].[Warning], [r].[WorkbookSheetId]
      FROM [RawCells] AS [r]
      WHERE [r].[WorkbookSheetId] = @__8__locals1_sheet_Id_0 AND [r].[SourceRowNumber] = @__headerRow_Value_1
      ORDER BY [r].[SourceColumnNumber]
info: Microsoft.EntityFrameworkCore.Database.Command[20101]
      Executed DbCommand (0ms) [Parameters=[@__selected_Id_0='?' (DbType = Int64), @__selected_HeaderRowNumber_1='?' (DbType = Int32)], CommandType='Text', CommandTimeout='180']
      SELECT [r].[Id], [r].[CellDataType], [r].[DateValue], [r].[FormulaA1], [r].[HeaderSha256], [r].[HeaderText], [r].[LineageSha256], [r].[NumericValue], [r].[NumericValueExact], [r].[ParseRuleId], [r].[Qualifier], [r].[RawText], [r].[Sequence], [r].[SourceCell], [r].[SourceColumnNumber], [r].[SourceRowNumber], [r].[Status], [r].[Unit], [r].[Warning], [r].[WorkbookSheetId]
      FROM [RawCells] AS [r]
      WHERE [r].[WorkbookSheetId] = @__selected_Id_0 AND [r].[SourceRowNumber] = @__selected_HeaderRowNumber_1
      ORDER BY [r].[SourceColumnNumber]
info: Microsoft.EntityFrameworkCore.Database.Command[20101]
      Executed DbCommand (26ms) [Parameters=[@__selected_Id_0='?' (DbType = Int64), @__selected_HeaderRowNumber_1='?' (DbType = Int32)], CommandType='Text', CommandTimeout='180']
      SELECT [r].[SourceColumnNumber] AS [Column], COUNT(*) AS [Count]
      FROM [RawCells] AS [r]
      WHERE [r].[WorkbookSheetId] = @__selected_Id_0 AND [r].[SourceRowNumber] > @__selected_HeaderRowNumber_1 AND [r].[SourceColumnNumber] IN (1, 4, 17, 18, 19, 20, 45)
      GROUP BY [r].[SourceColumnNumber]
info: Microsoft.EntityFrameworkCore.Database.Command[20101]
      Executed DbCommand (110ms) [Parameters=[@__sheet_Id_0='?' (DbType = Int64), @__sheet_HeaderRowNumber_1='?' (DbType = Int32)], CommandType='Text', CommandTimeout='180']
      SELECT [r].[Id], [r].[CellDataType], [r].[DateValue], [r].[FormulaA1], [r].[HeaderSha256], [r].[HeaderText], [r].[LineageSha256], [r].[NumericValue], [r].[NumericValueExact], [r].[ParseRuleId], [r].[Qualifier], [r].[RawText], [r].[Sequence], [r].[SourceCell], [r].[SourceColumnNumber], [r].[SourceRowNumber], [r].[Status], [r].[Unit], [r].[Warning], [r].[WorkbookSheetId]
      FROM [RawCells] AS [r]
      WHERE [r].[WorkbookSheetId] = @__sheet_Id_0 AND [r].[SourceRowNumber] > @__sheet_HeaderRowNumber_1 AND [r].[SourceColumnNumber] = 4 AND EXISTS (
          SELECT 1
          FROM [RawCells] AS [r0]
          WHERE [r0].[WorkbookSheetId] = @__sheet_Id_0 AND [r0].[SourceRowNumber] = [r].[SourceRowNumber] AND [r0].[SourceColumnNumber] IN (17, 18, 19, 20) AND [r0].[Status] <> 'Missing')
      ORDER BY [r].[SourceRowNumber]
info: Microsoft.EntityFrameworkCore.Database.Command[20101]
      Executed DbCommand (68ms) [Parameters=[@__sheet_Id_0='?' (DbType = Int64)], CommandType='Text', CommandTimeout='180']
      SELECT [r].[Id], [r].[CellDataType], [r].[DateValue], [r].[FormulaA1], [r].[HeaderSha256], [r].[HeaderText], [r].[LineageSha256], [r].[NumericValue], [r].[NumericValueExact], [r].[ParseRuleId], [r].[Qualifier], [r].[RawText], [r].[Sequence], [r].[SourceCell], [r].[SourceColumnNumber], [r].[SourceRowNumber], [r].[Status], [r].[Unit], [r].[Warning], [r].[WorkbookSheetId]
      FROM [RawCells] AS [r]
      WHERE [r].[WorkbookSheetId] = @__sheet_Id_0 AND [r].[SourceRowNumber] IN (2, 3, 4, 5, 6, 7, 8, 9, 10, 11, 12, 13, 14, 15, 16, 17, 18, 19, 20, 21, 22, 23, 24, 25, 26, 27, 28, 29, 30, 31, 32, 33, 34, 35, 36, 37, 38, 39, 40, 41, 42, 43, 44, 45, 46, 47, 48, 49, 50, 51, 52, 53, 54, 55, 56, 57, 58, 59, 60, 61, 62, 63, 64, 65, 66, 67, 68, 69, 70, 71, 72, 73, 74, 75, 76, 77, 78, 79, 80, 154, 156, 159, 169, 170, 173, 174, 181, 183, 185, 187, 193, 200, 206, 211, 213, 226, 227, 229, 230, 231, 232, 233, 234, 237, 238, 239, 240, 241, 242, 244, 245, 247, 248, 250, 251, 252, 253, 254, 255, 256, 258, 259, 260, 261, 262, 263, 264, 267, 268, 269, 270, 271, 273, 274, 275, 276, 277, 278, 279, 281, 282, 283, 284, 285, 286, 287, 288, 290, 291, 292, 293, 294, 295, 296, 298, 299, 300, 301, 302, 304, 305, 306, 307, 308, 310, 311, 312, 313, 318, 319, 322, 324, 331, 337, 338, 342, 344, 355, 357, 362, 372, 374, 384, 386, 399, 401, 407, 408, 410, 415, 417, 429, 431, 432, 434, 436, 442, 443, 457, 458, 460, 462, 483, 485, 486, 487, 488, 489, 490, 491, 492, 493, 494, 495, 496, 497, 498, 499, 500, 501, 503, 504, 505, 506, 508, 509, 510, 511, 512, 513, 514, 515, 517, 518, 519, 520, 521, 522, 523, 525, 526, 527, 528, 529, 530, 532, 533, 534, 535, 536, 538, 539, 540, 541, 542, 543, 544, 545, 547, 548, 549, 550, 551, 552, 558, 565, 567, 573, 579, 581, 583, 585, 596, 598, 604, 611, 612, 615, 627, 629, 634, 642, 643, 651, 652, 658, 660, 661, 662, 663, 664, 669, 671, 680, 681, 682, 683, 684, 691, 693, 700, 701, 702, 703, 705, 706, 707, 708, 709, 711, 712, 713, 714, 715, 716, 717, 718, 719, 721, 722, 723, 724, 726, 727, 728, 729, 730, 731, 733, 734, 736, 737, 738, 739, 740, 742, 743, 744, 745, 746, 747, 749, 750, 751, 752, 753, 755, 756, 757, 758, 763, 765, 770, 772, 775, 776, 784, 786, 789, 794, 796, 808, 809, 815, 817, 825, 827, 839, 840, 847, 848, 856, 858, 863, 867, 869, 872, 873, 885, 890, 892, 894, 895, 901, 903, 912, 914, 918, 919, 920, 921, 922, 923, 926, 927, 928, 929, 930, 931, 934, 935, 936, 937, 945, 946, 947, 948, 950, 951, 952, 953, 954, 955, 956, 958, 959, 961, 962, 967, 968, 971, 972, 975, 976, 977, 978, 985, 986, 987, 988, 997, 998, 1010, 1011, 1013, 1014, 1019, 1020, 1022, 1023, 1030, 1031, 1042, 1043, 1045, 1046, 1053, 1054, 1055, 1056, 1060, 1062, 1068, 1069, 1073, 1080, 1082, 1087, 1089, 1094, 1100, 1102, 1108, 1110, 1116, 1118, 1130, 1139, 1144, 1145, 1146, 1147, 1148, 1149, 1151, 1152, 1153, 1154, 1155, 1156, 1158, 1159, 1160, 1161, 1162, 1165, 1166, 1167, 1169, 1170, 1171, 1172, 1174, 1177, 1178, 1179, 1180, 1181, 1182, 1183, 1185, 1186, 1188, 1189, 1190, 1191, 1192, 1193, 1194, 1195, 1197, 1198, 1199, 1200, 1201, 1203, 1204, 1205, 1206, 1207, 1208, 1212, 1213, 1214, 1215, 1221, 1222, 1223, 1224, 1234, 1239, 1240, 1241, 1242, 1249, 1250, 1252, 1253, 1259, 1260, 1261, 1262, 1270, 1275, 1276, 1277, 1278, 1284, 1294, 1295, 1297, 1301, 1310, 1311, 1313, 1321, 1322, 1325, 1326, 1332, 1333, 1339, 1340, 1343, 1351, 1352, 1356, 1358, 1364, 1366, 1371, 1373, 1381, 1383, 1384, 1388, 1390, 1403, 1404, 1409, 1411, 1412, 1413, 1414, 1415, 1416, 1418, 1419, 1421, 1425, 1427, 1428, 1430, 1431, 1432, 1433, 1434, 1435, 1436, 1438, 1439, 1440, 1441, 1442, 1443, 1444, 1445, 1447, 1448, 1449, 1450, 1451, 1453, 1454, 1455, 1456, 1457, 1458, 1459, 1461, 1462, 1463, 1464, 1465, 1466, 1467, 1469, 1470, 1471, 1472, 1473, 1474, 1475, 1476, 1477, 1483, 1484, 1486, 1487, 1492, 1493, 1495, 1496, 1501, 1502, 1509, 1510, 1512, 1513, 1515, 1516, 1524, 1528, 1535, 1544, 1545, 1547, 1559, 1560, 1562, 1568, 1569, 1571, 1578, 1579, 1583, 1585, 1589, 1593, 1598, 1604, 1605, 1615, 1619, 1621, 1628, 1635, 1636, 1638, 1639, 1649, 1653, 1665, 1668, 1669, 1670, 1671, 1672, 1673, 1675, 1676, 1677, 1678, 1680, 1681, 1683, 1684, 1685, 1686, 1687, 1688, 1689, 1691, 1692, 1693, 1694, 1695, 1696, 1698, 1699, 1700, 1701, 1702, 1703, 1704, 1705, 1707, 1708, 1709, 1710, 1711, 1713, 1714, 1715, 1716, 1717, 1718, 1719, 1721, 1722, 1723, 1724, 1725, 1726, 1728, 1729, 1730, 1734, 1735, 1740, 1741, 1743, 1744, 1748, 1749, 1751, 1752, 1754, 1755, 1761, 1762, 1766, 1767, 1769, 1770, 1773, 1775, 1779, 1786, 1787, 1788, 1789, 1791, 1792, 1793, 1794, 1795, 1796, 1797, 1800, 1801, 1803, 1804, 1811, 1812, 1818, 1819, 1827, 1828, 1831, 1832, 1834, 1835, 1836, 1837, 1838, 1839, 1840, 1841, 1842, 1843, 1846, 1847, 1849, 1850, 1852, 1853, 1854, 1855, 1856, 1857, 1859, 1860, 1861, 1862, 1863, 1864, 1866, 1867, 1868, 1869, 1870, 1872, 1873, 1874, 1875, 1876, 1877, 1878, 1879, 1881, 1882, 1883, 1884, 1885, 1886, 1887, 1888, 1890, 1891, 1892, 1893, 1894, 1896, 1897, 1898, 1899, 1900, 1902, 1903, 1904, 1905, 1907, 1908, 1910, 1911, 1912, 1913, 1917, 1918, 1919, 1920, 1925, 1926, 1927, 1928, 1936, 1937, 1942, 1943, 1944, 1945, 1960, 1961, 1962, 1963, 1970, 1971, 1975, 1976, 1983, 1984, 1986, 1989, 1990, 1999, 2000, 2002, 2012, 2018, 2020, 2021, 2027, 2032, 2033, 2037, 2043, 2044, 2046, 2052, 2057, 2061, 2067, 2068, 2070, 2074, 2081, 2083, 2084, 2085, 2086, 2087, 2088, 2090, 2091, 2092, 2093, 2094, 2095, 2096, 2100, 2101, 2102, 2103, 2105, 2106, 2107, 2108, 2109, 2110, 2111, 2113, 2114, 2115, 2116, 2117, 2118, 2119, 2120, 2121, 2123, 2124, 2125, 2126, 2127, 2129, 2130, 2131, 2132, 2133, 2134, 2135, 2137, 2138, 2139, 2140, 2141, 2144, 2145, 2146, 2147, 2148, 2149, 2151, 2152, 2153, 2154, 2155, 2156, 2158, 2159, 2160, 2161, 2162, 2163, 2165, 2166, 2167, 2168, 2169, 2170, 2174, 2182, 2183, 2187, 2189, 2192, 2195, 2206, 2208, 2217, 2219, 2226, 2227, 2238, 2240, 2248, 2250, 2263, 2264, 2265, 2266, 2267, 2268, 2272, 2273, 2274, 2275, 2276, 2277, 2278, 2279, 2281, 2282, 2283, 2284, 2285, 2288, 2289, 2290, 2291, 2292, 2293, 2296, 2297, 2298, 2301, 2302, 2303, 2304, 2305, 2306, 2307, 2318, 2320, 2321, 2322, 2323, 2324, 2325, 2326, 2327, 2328, 2329, 2330, 2331, 2332, 2333, 2334, 2335, 2336, 2337, 2338, 2339, 2340, 2341, 2342, 2344, 2345, 2346, 2347, 2348, 2349, 2358, 2360, 2362, 2363, 2368, 2370, 2376, 2385, 2389, 2391, 2393, 2394, 2401, 2402, 2409, 2417, 2420, 2422, 2432, 2438, 2440, 2447, 2448, 2453, 2455, 2462, 2464, 2467, 2469, 2479, 2481, 2484, 2486, 2492, 2493, 2498, 2500, 2511, 2512, 2517, 2519, 2524, 2526, 2538, 2539, 2540, 2541, 2542, 2543, 2546, 2547, 2550, 2551, 2553, 2554, 2555, 2556, 2559, 2560, 2561, 2562, 2563, 2564, 2566, 2567, 2568, 2569, 2570, 2572, 2573, 2574, 2575, 2576, 2577, 2578, 2580, 2581, 2582, 2583, 2584, 2585, 2586, 2588, 2589, 2590, 2591, 2592, 2593, 2595, 2597, 2598, 2599, 2600, 2601, 2608, 2609, 2614, 2621, 2622, 2629, 2630, 2644, 2645, 2647, 2648, 2662, 2665, 2668, 2676, 2692, 2693, 2700, 2701, 2705, 2711, 2712, 2721, 2722, 2725, 2731, 2733, 2736, 2737, 2744, 2752, 2761, 2762, 2766, 2767, 2781, 2783, 2786, 2787, 2788, 2789, 2790, 2791, 2792, 2797, 2798, 2799, 2800, 2802, 2803, 2804, 2805, 2808, 2809, 2810, 2811, 2812, 2814, 2815, 2816, 2817, 2818, 2819, 2821, 2822, 2823, 2824, 2826, 2827, 2828, 2829, 2830, 2831, 2832, 2834, 2835, 2836, 2837, 2838, 2839, 2840, 2841, 2842, 2843, 2845, 2846, 2847, 2848, 2849, 2850, 2851) AND [r].[SourceColumnNumber] IN (1, 4)
      ORDER BY [r].[SourceRowNumber], [r].[SourceColumnNumber]
info: Microsoft.EntityFrameworkCore.Database.Command[20101]
      Executed DbCommand (0ms) [Parameters=[@__releaseId_0='?' (Size = 64) (DbType = AnsiString)], CommandType='Text', CommandTimeout='180']
      SELECT TOP(2) [d].[ImportBatchId], [i].[BatchIdentity], [d].[ReleaseIdentity], [d].[SchemaVersion], [d].[ClassifierVersion], [d].[State], [d].[IsPublished], [d].[ApprovedBy], [d].[ApprovedAtUtc]
      FROM [DatasetReleases] AS [d]
      INNER JOIN [ImportBatches] AS [i] ON [d].[ImportBatchId] = [i].[Id]
      WHERE [d].[ReleaseIdentity] = @__releaseId_0
info: Microsoft.EntityFrameworkCore.Database.Command[20101]
      Executed DbCommand (0ms) [Parameters=[@__importBatchId_0='?' (DbType = Int64)], CommandType='Text', CommandTimeout='180']
      SELECT [w].[Id], [w].[SheetName], [w].[DataRowCount]
      FROM [WorkbookSheets] AS [w]
      WHERE [w].[ImportBatchId] = @__importBatchId_0
      ORDER BY [w].[Id]
info: Microsoft.EntityFrameworkCore.Database.Command[20101]
      Executed DbCommand (0ms) [Parameters=[@__8__locals1_sheet_Id_0='?' (DbType = Int64)], CommandType='Text', CommandTimeout='180']
      SELECT MIN([r].[SourceRowNumber])
      FROM [RawCells] AS [r]
      WHERE [r].[WorkbookSheetId] = @__8__locals1_sheet_Id_0
info: Microsoft.EntityFrameworkCore.Database.Command[20101]
      Executed DbCommand (0ms) [Parameters=[@__8__locals1_sheet_Id_0='?' (DbType = Int64), @__headerRow_Value_1='?' (DbType = Int32)], CommandType='Text', CommandTimeout='180']
      SELECT [r].[Id], [r].[CellDataType], [r].[DateValue], [r].[FormulaA1], [r].[HeaderSha256], [r].[HeaderText], [r].[LineageSha256], [r].[NumericValue], [r].[NumericValueExact], [r].[ParseRuleId], [r].[Qualifier], [r].[RawText], [r].[Sequence], [r].[SourceCell], [r].[SourceColumnNumber], [r].[SourceRowNumber], [r].[Status], [r].[Unit], [r].[Warning], [r].[WorkbookSheetId]
      FROM [RawCells] AS [r]
      WHERE [r].[WorkbookSheetId] = @__8__locals1_sheet_Id_0 AND [r].[SourceRowNumber] = @__headerRow_Value_1
      ORDER BY [r].[SourceColumnNumber]
info: Microsoft.EntityFrameworkCore.Database.Command[20101]
      Executed DbCommand (0ms) [Parameters=[@__8__locals1_sheet_Id_0='?' (DbType = Int64)], CommandType='Text', CommandTimeout='180']
      SELECT MIN([r].[SourceRowNumber])
      FROM [RawCells] AS [r]
      WHERE [r].[WorkbookSheetId] = @__8__locals1_sheet_Id_0
info: Microsoft.EntityFrameworkCore.Database.Command[20101]
      Executed DbCommand (0ms) [Parameters=[@__8__locals1_sheet_Id_0='?' (DbType = Int64), @__headerRow_Value_1='?' (DbType = Int32)], CommandType='Text', CommandTimeout='180']
      SELECT [r].[Id], [r].[CellDataType], [r].[DateValue], [r].[FormulaA1], [r].[HeaderSha256], [r].[HeaderText], [r].[LineageSha256], [r].[NumericValue], [r].[NumericValueExact], [r].[ParseRuleId], [r].[Qualifier], [r].[RawText], [r].[Sequence], [r].[SourceCell], [r].[SourceColumnNumber], [r].[SourceRowNumber], [r].[Status], [r].[Unit], [r].[Warning], [r].[WorkbookSheetId]
      FROM [RawCells] AS [r]
      WHERE [r].[WorkbookSheetId] = @__8__locals1_sheet_Id_0 AND [r].[SourceRowNumber] = @__headerRow_Value_1
      ORDER BY [r].[SourceColumnNumber]
info: Microsoft.EntityFrameworkCore.Database.Command[20101]
      Executed DbCommand (26ms) [Parameters=[@__selected_Id_0='?' (DbType = Int64), @__selected_HeaderRowNumber_1='?' (DbType = Int32)], CommandType='Text', CommandTimeout='180']
      SELECT [r].[SourceColumnNumber] AS [Column], COUNT(*) AS [Count]
      FROM [RawCells] AS [r]
      WHERE [r].[WorkbookSheetId] = @__selected_Id_0 AND [r].[SourceRowNumber] > @__selected_HeaderRowNumber_1 AND [r].[SourceColumnNumber] IN (1, 3, 4, 30, 31, 45)
      GROUP BY [r].[SourceColumnNumber]
info: Microsoft.EntityFrameworkCore.Database.Command[20101]
      Executed DbCommand (57ms) [Parameters=[@__sheet_Id_0='?' (DbType = Int64), @__sheet_HeaderRowNumber_1='?' (DbType = Int32)], CommandType='Text', CommandTimeout='180']
      SELECT [r].[Id], [r].[CellDataType], [r].[DateValue], [r].[FormulaA1], [r].[HeaderSha256], [r].[HeaderText], [r].[LineageSha256], [r].[NumericValue], [r].[NumericValueExact], [r].[ParseRuleId], [r].[Qualifier], [r].[RawText], [r].[Sequence], [r].[SourceCell], [r].[SourceColumnNumber], [r].[SourceRowNumber], [r].[Status], [r].[Unit], [r].[Warning], [r].[WorkbookSheetId]
      FROM [RawCells] AS [r]
      WHERE [r].[WorkbookSheetId] = @__sheet_Id_0 AND [r].[SourceRowNumber] > @__sheet_HeaderRowNumber_1 AND [r].[SourceColumnNumber] = 4
      ORDER BY [r].[SourceRowNumber]
info: Microsoft.EntityFrameworkCore.Database.Command[20101]
      Executed DbCommand (64ms) [Parameters=[@__sheet_Id_0='?' (DbType = Int64), @__sheet_HeaderRowNumber_1='?' (DbType = Int32)], CommandType='Text', CommandTimeout='180']
      SELECT [r].[Id], [r].[CellDataType], [r].[DateValue], [r].[FormulaA1], [r].[HeaderSha256], [r].[HeaderText], [r].[LineageSha256], [r].[NumericValue], [r].[NumericValueExact], [r].[ParseRuleId], [r].[Qualifier], [r].[RawText], [r].[Sequence], [r].[SourceCell], [r].[SourceColumnNumber], [r].[SourceRowNumber], [r].[Status], [r].[Unit], [r].[Warning], [r].[WorkbookSheetId]
      FROM [RawCells] AS [r]
      WHERE [r].[WorkbookSheetId] = @__sheet_Id_0 AND [r].[SourceRowNumber] > @__sheet_HeaderRowNumber_1 AND [r].[SourceColumnNumber] = 45
      ORDER BY [r].[SourceRowNumber]
info: Microsoft.EntityFrameworkCore.Database.Command[20101]
      Executed DbCommand (1ms) [Parameters=[@__sheet_Id_0='?' (DbType = Int64)], CommandType='Text', CommandTimeout='180']
      SELECT [r].[Id], [r].[CellDataType], [r].[DateValue], [r].[FormulaA1], [r].[HeaderSha256], [r].[HeaderText], [r].[LineageSha256], [r].[NumericValue], [r].[NumericValueExact], [r].[ParseRuleId], [r].[Qualifier], [r].[RawText], [r].[Sequence], [r].[SourceCell], [r].[SourceColumnNumber], [r].[SourceRowNumber], [r].[Status], [r].[Unit], [r].[Warning], [r].[WorkbookSheetId]
      FROM [RawCells] AS [r]
      WHERE [r].[WorkbookSheetId] = @__sheet_Id_0 AND [r].[SourceRowNumber] IN (2, 3, 4, 5, 6, 7, 8, 9, 10, 11, 12, 13, 14, 15, 16, 17, 18, 19, 20, 21, 22, 23, 24, 25, 26, 27, 28, 29, 30, 31, 32, 33, 34, 35, 36, 37, 38, 39, 40, 41, 42, 43, 44, 45, 46, 47, 48, 49, 50, 51, 52, 53, 54, 55, 56, 57, 58, 59, 60, 61, 62, 63, 64, 65, 66, 67, 68, 69, 70, 71, 72, 73, 74, 75, 76, 77, 78, 79, 80) AND [r].[SourceColumnNumber] IN (1, 3, 4, 30, 31, 45)
      ORDER BY [r].[SourceRowNumber], [r].[SourceColumnNumber]
